// Jest Snapshot v1, https://goo.gl/fbAQLP

exports[`LoginFormComponent powinien pasować do snapshotu 1`] = `"<div id="root0" ng-version="18.2.13"><form novalidate="" ng-reflect-form="[object Object]" class="ng-untouched ng-pristine ng-valid"><input formcontrolname="email" placeholder="Email" ng-reflect-name="email" class="ng-untouched ng-pristine ng-valid"><input formcontrolname="password" type="password" placeholder="Hasło" ng-reflect-name="password" class="ng-untouched ng-pristine ng-valid"><button type="submit">Zaloguj</button></form></div>"`;
